#-----------------------------------------------------------
# Webtalk v2017.3 (64-bit)
# SW Build 2018833 on Wed Oct  4 19:58:22 MDT 2017
# IP Build 2016188 on Wed Oct  4 21:52:56 MDT 2017
# Start of session at: Wed Dec 13 05:44:09 2017
# Process ID: 13428
# Current directory: D:/Study/USA_Graduate/WPI_Graduate_3/17_Fall_Courses/project_final/project_final.sim/sim_1/behav/xsim
# Command line: wbtcv.exe -mode batch -source D:/Study/USA_Graduate/WPI_Graduate_3/17_Fall_Courses/project_final/project_final.sim/sim_1/behav/xsim/xsim.dir/SPIcomponent_test_behav/webtalk/xsim_webtalk.tcl -notrace
# Log file: D:/Study/USA_Graduate/WPI_Graduate_3/17_Fall_Courses/project_final/project_final.sim/sim_1/behav/xsim/webtalk.log
# Journal file: D:/Study/USA_Graduate/WPI_Graduate_3/17_Fall_Courses/project_final/project_final.sim/sim_1/behav/xsim\webtalk.jou
#-----------------------------------------------------------
source D:/Study/USA_Graduate/WPI_Graduate_3/17_Fall_Courses/project_final/project_final.sim/sim_1/behav/xsim/xsim.dir/SPIcomponent_test_behav/webtalk/xsim_webtalk.tcl -notrace
